Archive member included to satisfy reference by file (symbol)

c:/program files/microchip/xc8/v2.32/avr/bin/../lib/gcc/avr/5.4.0/../../../../avr/lib/avrxmega3\libm.a(addsf3.o)
                              build/default/production/bme280.o (__subsf3)
c:/program files/microchip/xc8/v2.32/avr/bin/../lib/gcc/avr/5.4.0/../../../../avr/lib/avrxmega3\libm.a(addsf3x.o)
                              c:/program files/microchip/xc8/v2.32/avr/bin/../lib/gcc/avr/5.4.0/../../../../avr/lib/avrxmega3\libm.a(addsf3.o) (__addsf3x)
c:/program files/microchip/xc8/v2.32/avr/bin/../lib/gcc/avr/5.4.0/../../../../avr/lib/avrxmega3\libm.a(divsf3.o)
                              build/default/production/bme280.o (__divsf3)
c:/program files/microchip/xc8/v2.32/avr/bin/../lib/gcc/avr/5.4.0/../../../../avr/lib/avrxmega3\libm.a(divsf3x.o)
                              c:/program files/microchip/xc8/v2.32/avr/bin/../lib/gcc/avr/5.4.0/../../../../avr/lib/avrxmega3\libm.a(divsf3.o) (__divsf3x)
c:/program files/microchip/xc8/v2.32/avr/bin/../lib/gcc/avr/5.4.0/../../../../avr/lib/avrxmega3\libm.a(fixsfsi.o)
                              build/default/production/application.o (__fixsfsi)
c:/program files/microchip/xc8/v2.32/avr/bin/../lib/gcc/avr/5.4.0/../../../../avr/lib/avrxmega3\libm.a(fixunssfsi.o)
                              build/default/production/application.o (__fixunssfsi)
c:/program files/microchip/xc8/v2.32/avr/bin/../lib/gcc/avr/5.4.0/../../../../avr/lib/avrxmega3\libm.a(floatsisf.o)
                              build/default/production/application.o (__floatunsisf)
c:/program files/microchip/xc8/v2.32/avr/bin/../lib/gcc/avr/5.4.0/../../../../avr/lib/avrxmega3\libm.a(fp_inf.o)
                              c:/program files/microchip/xc8/v2.32/avr/bin/../lib/gcc/avr/5.4.0/../../../../avr/lib/avrxmega3\libm.a(addsf3x.o) (__fp_inf)
c:/program files/microchip/xc8/v2.32/avr/bin/../lib/gcc/avr/5.4.0/../../../../avr/lib/avrxmega3\libm.a(fp_nan.o)
                              c:/program files/microchip/xc8/v2.32/avr/bin/../lib/gcc/avr/5.4.0/../../../../avr/lib/avrxmega3\libm.a(addsf3x.o) (__fp_nan)
c:/program files/microchip/xc8/v2.32/avr/bin/../lib/gcc/avr/5.4.0/../../../../avr/lib/avrxmega3\libm.a(fp_pscA.o)
                              c:/program files/microchip/xc8/v2.32/avr/bin/../lib/gcc/avr/5.4.0/../../../../avr/lib/avrxmega3\libm.a(addsf3x.o) (__fp_pscA)
c:/program files/microchip/xc8/v2.32/avr/bin/../lib/gcc/avr/5.4.0/../../../../avr/lib/avrxmega3\libm.a(fp_pscB.o)
                              c:/program files/microchip/xc8/v2.32/avr/bin/../lib/gcc/avr/5.4.0/../../../../avr/lib/avrxmega3\libm.a(addsf3x.o) (__fp_pscB)
c:/program files/microchip/xc8/v2.32/avr/bin/../lib/gcc/avr/5.4.0/../../../../avr/lib/avrxmega3\libm.a(fp_round.o)
                              c:/program files/microchip/xc8/v2.32/avr/bin/../lib/gcc/avr/5.4.0/../../../../avr/lib/avrxmega3\libm.a(addsf3.o) (__fp_round)
c:/program files/microchip/xc8/v2.32/avr/bin/../lib/gcc/avr/5.4.0/../../../../avr/lib/avrxmega3\libm.a(fp_split3.o)
                              c:/program files/microchip/xc8/v2.32/avr/bin/../lib/gcc/avr/5.4.0/../../../../avr/lib/avrxmega3\libm.a(addsf3x.o) (__fp_split3)
c:/program files/microchip/xc8/v2.32/avr/bin/../lib/gcc/avr/5.4.0/../../../../avr/lib/avrxmega3\libm.a(fp_zero.o)
                              c:/program files/microchip/xc8/v2.32/avr/bin/../lib/gcc/avr/5.4.0/../../../../avr/lib/avrxmega3\libm.a(addsf3x.o) (__fp_zero)
c:/program files/microchip/xc8/v2.32/avr/bin/../lib/gcc/avr/5.4.0/../../../../avr/lib/avrxmega3\libm.a(mulsf3.o)
                              build/default/production/application.o (__mulsf3)
c:/program files/microchip/xc8/v2.32/avr/bin/../lib/gcc/avr/5.4.0/../../../../avr/lib/avrxmega3\libm.a(mulsf3x.o)
                              c:/program files/microchip/xc8/v2.32/avr/bin/../lib/gcc/avr/5.4.0/../../../../avr/lib/avrxmega3\libm.a(mulsf3.o) (__mulsf3x)
c:/program files/microchip/xc8/v2.32/avr/bin/../lib/gcc/avr/5.4.0/../../../../avr/lib/avrxmega3\libm.a(pow.o)
                              build/default/production/bme280.o (pow)
c:/program files/microchip/xc8/v2.32/avr/bin/../lib/gcc/avr/5.4.0/../../../../avr/lib/avrxmega3\libm.a(exp.o)
                              c:/program files/microchip/xc8/v2.32/avr/bin/../lib/gcc/avr/5.4.0/../../../../avr/lib/avrxmega3\libm.a(pow.o) (exp)
c:/program files/microchip/xc8/v2.32/avr/bin/../lib/gcc/avr/5.4.0/../../../../avr/lib/avrxmega3\libm.a(fp_powser.o)
                              c:/program files/microchip/xc8/v2.32/avr/bin/../lib/gcc/avr/5.4.0/../../../../avr/lib/avrxmega3\libm.a(exp.o) (__fp_powser)
c:/program files/microchip/xc8/v2.32/avr/bin/../lib/gcc/avr/5.4.0/../../../../avr/lib/avrxmega3\libm.a(inverse.o)
                              c:/program files/microchip/xc8/v2.32/avr/bin/../lib/gcc/avr/5.4.0/../../../../avr/lib/avrxmega3\libm.a(exp.o) (inverse)
[...]
Memory Configuration

Name             Origin             Length             Attributes
text             0x0000000000000000 0x0000000000004000 xr
data             0x0000000000803800 0x0000000000000800 rw !x
eeprom           0x0000000000810000 0x0000000000000100 rw !x
fuse             0x0000000000820000 0x000000000000000a rw !x
lock             0x0000000000830000 0x0000000000000400 rw !x
signature        0x0000000000840000 0x0000000000000400 rw !x
user_signatures  0x0000000000850000 0x0000000000000400 rw !x
*default*        0x0000000000000000 0xffffffffffffffff

Linker script and memory map

Address of section .data set to 0x803800
                0x0000000000008000                __RODATA_PM_OFFSET__ = 0x8000
LOAD C:/Users/C70348/.mchp_packs/Microchip/ATtiny_DFP/3.0.151/xc8/avr/lib/avrxmega3/crtattiny1627.o
                0x0000000000000001                __MPLAB_BUILD = 0x1
LOAD build/default/production/mcc_generated_files/adc/src/adc0.o
LOAD build/default/production/mcc_generated_files/system/src/clock.o
LOAD build/default/production/mcc_generated_files/system/src/config_bits.o
LOAD build/default/production/mcc_generated_files/system/src/interrupt.o
LOAD build/default/production/mcc_generated_files/system/src/system.o
LOAD build/default/production/mcc_generated_files/system/src/protected_io.o
LOAD build/default/production/mcc_generated_files/system/src/pins.o
LOAD build/default/production/mcc_generated_files/uart/src/usart0.o
LOAD build/default/production/mcc_generated_files/uart/src/usart1.o
LOAD build/default/production/mcc_generated_files/vref/src/vref.o
LOAD build/default/production/main.o
LOAD build/default/production/application.o
LOAD build/default/production/LR2_tx_buff.o
LOAD build/default/production/printUtility.o
LOAD build/default/production/TWI.o
LOAD build/default/production/TERM_tx_buff.o
LOAD build/default/production/bme280.o
LOAD build/default/production/state.o
START GROUP
LOAD c:/program files/microchip/xc8/v2.32/avr/bin/../lib/gcc/avr/5.4.0/../../../../avr/lib/avrxmega3\libm.a
END GROUP
START GROUP
LOAD c:/program files/microchip/xc8/v2.32/avr/bin/../lib/gcc/avr/5.4.0/avrxmega3\libgcc.a
LOAD c:/program files/microchip/xc8/v2.32/avr/bin/../lib/gcc/avr/5.4.0/../../../../avr/lib/avrxmega3\libm.a
LOAD c:/program files/microchip/xc8/v2.32/avr/bin/../lib/gcc/avr/5.4.0/../../../../avr/lib/avrxmega3\libc.a
LOAD C:/Users/C70348/.mchp_packs/Microchip/ATtiny_DFP/3.0.151/xc8/avr/lib/avrxmega3\libattiny1627.a
END GROUP
                [0x0000000000000000]                __TEXT_REGION_ORIGIN__ = DEFINED (__TEXT_REGION_ORIGIN__)?__TEXT_REGION_ORIGIN__:0x0
                [0x0000000000803800]                __DATA_REGION_ORIGIN__ = DEFINED (__DATA_REGION_ORIGIN__)?__DATA_REGION_ORIGIN__:0x802000
                [0x0000000000004000]                __TEXT_REGION_LENGTH__ = DEFINED (__TEXT_REGION_LENGTH__)?__TEXT_REGION_LENGTH__:0x100000
                [0x0000000000000800]                __DATA_REGION_LENGTH__ = DEFINED (__DATA_REGION_LENGTH__)?__DATA_REGION_LENGTH__:0xffa0
                [0x0000000000000100]                __EEPROM_REGION_LENGTH__ = DEFINED (__EEPROM_REGION_LENGTH__)?__EEPROM_REGION_LENGTH__:0x10000
                [0x000000000000000a]                __FUSE_REGION_LENGTH__ = DEFINED (__FUSE_REGION_LENGTH__)?__FUSE_REGION_LENGTH__:0x400
                0x0000000000000400                __LOCK_REGION_LENGTH__ = DEFINED (__LOCK_REGION_LENGTH__)?__LOCK_REGION_LENGTH__:0x400
                0x0000000000000400                __SIGNATURE_REGION_LENGTH__ = DEFINED (__SIGNATURE_REGION_LENGTH__)?__SIGNATURE_REGION_LENGTH__:0x400
                0x0000000000000400                __USER_SIGNATURE_REGION_LENGTH__ = DEFINED (__USER_SIGNATURE_REGION_LENGTH__)?__USER_SIGNATURE_REGION_LENGTH__:0x400
                0x0000000000008000                __RODATA_PM_OFFSET__ = DEFINED (__RODATA_PM_OFFSET__)?__RODATA_PM_OFFSET__:0x8000

.hash
 *(.hash)

.dynsym
 *(.dynsym)

.dynstr
 *(.dynstr)

.gnu.version
 *(.gnu.version)

.gnu.version_d
 *(.gnu.version_d)

.gnu.version_r
 *(.gnu.version_r)

.rel.init
 *(.rel.init)

.rela.init
 *(.rela.init)

.rel.text
 *(.rel.text)
 *(.rel.text.*)
 *(.rel.gnu.linkonce.t*)

.rela.text
 *(.rela.text)
 *(.rela.text.*)
 *(.rela.gnu.linkonce.t*)

.rel.fini
 *(.rel.fini)

.rela.fini
 *(.rela.fini)

.rel.rodata
 *(.rel.rodata)
 *(.rel.rodata.*)
 *(.rel.gnu.linkonce.r*)

.rela.rodata
 *(.rela.rodata)
 *(.rela.rodata.*)
 *(.rela.gnu.linkonce.r*)

.rel.data
 *(.rel.data)
 *(.rel.data.*)
 *(.rel.gnu.linkonce.d*)

.rela.data
 *(.rela.data)
 *(.rela.data.*)
 *(.rela.gnu.linkonce.d*)

.rel.ctors
 *(.rel.ctors)

.rela.ctors
 *(.rela.ctors)

.rel.dtors
 *(.rel.dtors)

.rela.dtors
 *(.rela.dtors)

.rel.got
 *(.rel.got)

.rela.got
 *(.rela.got)

.rel.bss
 *(.rel.bss)

.rela.bss
 *(.rela.bss)

.rel.plt
 *(.rel.plt)

.rela.plt
 *(.rela.plt)

.text           0x0000000000000000      0x17a
 *(.vectors)
 .vectors       0x0000000000000000       0x78 C:/Users/C70348/.mchp_packs/Microchip/ATtiny_DFP/3.0.151/xc8/avr/lib/avrxmega3/crtattiny1627.o
                0x0000000000000000                __vector_default
                0x0000000000000000                __vectors
 *(.vectors)
 *(.progmem.gcc*)
 .progmem.gcc_sw_table.stateMachine
                0x0000000000000078        0xe build/default/production/state.o
 .progmem.gcc_fplib
                0x0000000000000086       0x28 c:/program files/microchip/xc8/v2.32/avr/bin/../lib/gcc/avr/5.4.0/../../../../avr/lib/avrxmega3\libm.a(exp.o)
 .progmem.gcc_fplib
                0x00000000000000ae       0x5a c:/program files/microchip/xc8/v2.32/avr/bin/../lib/gcc/avr/5.4.0/../../../../avr/lib/avrxmega3\libm.a(log.o)
 *(.dinit)
 .dinit         0x0000000000000108       0x1d data_init
                0x0000000000000126                . = ALIGN (0x2)
 *fill*         0x0000000000000125        0x1 
                0x0000000000000126                __trampolines_start = .
 *(.trampolines)
 .trampolines   0x0000000000000126        0x0 linker stubs
 *(.trampolines*)
                0x0000000000000126                __trampolines_end = .
 *libprintf_flt.a:*(.progmem.data)
 *libc.a:*(.progmem.data)
                0x0000000000000126                . = ALIGN (0x2)
 *(.jumptables)
 *(.jumptables*)
 *(.lowtext)
 *(.lowtext*)
                0x0000000000000126                __ctors_start = .
 *(.ctors)
                0x0000000000000126                __ctors_end = .
                0x0000000000000126                __dtors_start = .
 *(.dtors)
                0x0000000000000126                __dtors_end = .
 SORT(*)(.ctors)
 SORT(*)(.dtors)
 *(.init0)
 .init0         0x0000000000000126        0x0 C:/Users/C70348/.mchp_packs/Microchip/ATtiny_DFP/3.0.151/xc8/avr/lib/avrxmega3/crtattiny1627.o
                0x0000000000000126                __init
 *(.init0)
 *(.init1)
 *(.init1)
 *(.init2)
 .init2         0x0000000000000126        0xc C:/Users/C70348/.mchp_packs/Microchip/ATtiny_DFP/3.0.151/xc8/avr/lib/avrxmega3/crtattiny1627.o
 *(.init2)
 *(.init3)
 *(.init3)
 *(.init4)
 .init4         0x0000000000000132       0x3c c:/program files/microchip/xc8/v2.32/avr/bin/../lib/gcc/avr/5.4.0/avrxmega3\libgcc.a(_copy_data.o)
                0x0000000000000132                __do_copy_data
                0x0000000000000160                __do_clear_bss
 *(.init4)
 *(.init5)
 *(.init5)
 *(.init6)
 *(.init6)
 *(.init7)
 *(.init7)
 *(.init8)
 *(.init8)
 *(.init9)
 .init9         0x000000000000016e        0x8 C:/Users/C70348/.mchp_packs/Microchip/ATtiny_DFP/3.0.151/xc8/avr/lib/avrxmega3/crtattiny1627.o
 *(.init9)
                0x0000000000000176                . = ALIGN (0x2)
 *(.fini9)
 .fini9         0x0000000000000176        0x0 c:/program files/microchip/xc8/v2.32/avr/bin/../lib/gcc/avr/5.4.0/avrxmega3\libgcc.a(_exit.o)
                0x0000000000000176                _exit
                0x0000000000000176                exit
 *(.fini9)
 *(.fini8)
 *(.fini8)
 *(.fini7)
 *(.fini7)
 *(.fini6)
 *(.fini6)
 *(.fini5)
 *(.fini5)
 *(.fini4)
 *(.fini4)
 *(.fini3)
 *(.fini3)
 *(.fini2)
 *(.fini2)
 *(.fini1)
 *(.fini1)
 *(.fini0)
 .fini0         0x0000000000000176        0x4 c:/program files/microchip/xc8/v2.32/avr/bin/../lib/gcc/avr/5.4.0/avrxmega3\libgcc.a(_exit.o)
 *(.fini0)
                0x000000000000017a                _etext = .

.data           0x0000000000803800        0x0 load address 0x000000000000017a
                [!provide]                        PROVIDE (__data_start, .)
 *(.gnu.linkonce.d*)
                0x0000000000803800                . = ALIGN (0x2)
                0x0000000000803800                _edata = .
                [!provide]                        PROVIDE (__data_end, .)

.bss            0x0000000000803800       0xad
                [!provide]                        PROVIDE (__bss_start, .)
 *(COMMON)
 COMMON         0x0000000000803800        0x6 build/default/production/mcc_generated_files/uart/src/usart0.o
                0x0000000000803800                USART0_OverrunErrorHandler
                0x0000000000803802                USART0_FramingErrorHandler
                0x0000000000803804                USART0_ParityErrorHandler
 COMMON         0x0000000000803806        0x6 build/default/production/mcc_generated_files/uart/src/usart1.o
                0x0000000000803806                USART1_FramingErrorHandler
                0x0000000000803808                USART1_OverrunErrorHandler
                0x000000000080380a                USART1_ParityErrorHandler
 COMMON         0x000000000080380c       0x9b build/default/production/main.o
                0x000000000080380c                adc_H
                0x0000000000803810                bme280_config
                0x0000000000803811                str_hum
                0x000000000080382f                str_temp
                0x000000000080384d                bme280_ctrl_hum
                0x000000000080384e                adc_P
                0x0000000000803852                adc_T
                0x0000000000803856                bme280_ctrl_meas
                0x0000000000803857                payload
                0x0000000000803864                str_press
                0x0000000000803882                t_fine
                0x0000000000803886                calibParam
 COMMON         0x00000000008038a7        0x6 c:/program files/microchip/xc8/v2.32/avr/bin/../lib/gcc/avr/5.4.0/../../../../avr/lib/avrxmega3\libc.a(iob.o)
                0x00000000008038a7                __iob
                [!provide]                        PROVIDE (__bss_end, .)
                0x000000000000017a                __data_load_start = LOADADDR (.data)
                0x000000000000017a                __data_load_end = (__data_load_start + SIZEOF (.data))

.noinit         0x00000000008038ad        0x0
                [!provide]                        PROVIDE (__noinit_start, .)
 *(.noinit*)
                [!provide]                        PROVIDE (__noinit_end, .)
                0x00000000008038ad                _end = .

.eeprom         0x0000000000810000        0x0
 *(.eeprom*)
                0x0000000000810000                __eeprom_end = .

.fuse           0x0000000000820000        0x9
 *(.fuse)
 .fuse          0x0000000000820000        0x9 build/default/production/mcc_generated_files/system/src/config_bits.o
                0x0000000000820000                __fuse
 *(.lfuse)
 *(.hfuse)
 *(.efuse)

.lock
 *(.lock*)

.signature
 *(.signature*)

.user_signatures
 *(.user_signatures*)

.stab
 *(.stab)

.stabstr
 *(.stabstr)

.stab.excl
 *(.stab.excl)

.stab.exclstr
 *(.stab.exclstr)

.stab.index
 *(.stab.index)

.stab.indexstr
 *(.stab.indexstr)

.comment        0x0000000000000000       0x5b
 *(.comment)
 .comment       0x0000000000000000       0x2f build/default/production/mcc_generated_files/adc/src/adc0.o
                                         0x30 (size before relaxing)
 .comment       0x000000000000002f       0x30 build/default/production/mcc_generated_files/system/src/clock.o
 .comment       0x000000000000002f       0x30 build/default/production/mcc_generated_files/system/src/config_bits.o
 .comment       0x000000000000002f       0x30 build/default/production/mcc_generated_files/system/src/interrupt.o
 .comment       0x000000000000002f       0x30 build/default/production/mcc_generated_files/system/src/system.o
 .comment       0x000000000000002f       0x30 build/default/production/mcc_generated_files/system/src/pins.o
 .comment       0x000000000000002f       0x30 build/default/production/mcc_generated_files/uart/src/usart0.o
 .comment       0x000000000000002f       0x30 build/default/production/mcc_generated_files/uart/src/usart1.o
 .comment       0x000000000000002f       0x30 build/default/production/mcc_generated_files/vref/src/vref.o
 .comment       0x000000000000002f       0x30 build/default/production/main.o
 .comment       0x000000000000002f       0x30 build/default/production/application.o
 .comment       0x000000000000002f       0x30 build/default/production/LR2_tx_buff.o
 .comment       0x000000000000002f       0x30 build/default/production/printUtility.o
 .comment       0x000000000000002f       0x30 build/default/production/TWI.o
 .comment       0x000000000000002f       0x30 build/default/production/TERM_tx_buff.o
 .comment       0x000000000000002f       0x30 build/default/production/bme280.o
 .comment       0x000000000000002f       0x30 build/default/production/state.o
 .comment       0x000000000000002f       0x2c c:/program files/microchip/xc8/v2.32/avr/bin/../lib/gcc/avr/5.4.0/../../../../avr/lib/avrxmega3\libc.a(iob.o)
                                         0x2d (size before relaxing)
 .comment       0x000000000000005b       0x2d c:/program files/microchip/xc8/v2.32/avr/bin/../lib/gcc/avr/5.4.0/../../../../avr/lib/avrxmega3\libc.a(printf.o)
 .comment       0x000000000000005b       0x2d c:/program files/microchip/xc8/v2.32/avr/bin/../lib/gcc/avr/5.4.0/../../../../avr/lib/avrxmega3\libc.a(puts.o)
 .comment       0x000000000000005b       0x2d c:/program files/microchip/xc8/v2.32/avr/bin/../lib/gcc/avr/5.4.0/../../../../avr/lib/avrxmega3\libc.a(vfprintf_std.o)
 .comment       0x000000000000005b       0x2d c:/program files/microchip/xc8/v2.32/avr/bin/../lib/gcc/avr/5.4.0/../../../../avr/lib/avrxmega3\libc.a(fputc.o)

.stack.descriptors.hdr
                0x0000000000000000      0x222
 .stack.descriptors.hdr
                0x0000000000000000        0xe c:/program files/microchip/xc8/v2.32/avr/bin/../lib/gcc/avr/5.4.0/../../../../avr/lib/avrxmega3\libm.a(addsf3.o)
 .stack.descriptors.hdr
                0x000000000000000e        0xe c:/program files/microchip/xc8/v2.32/avr/bin/../lib/gcc/avr/5.4.0/../../../../avr/lib/avrxmega3\libm.a(addsf3x.o)
 .stack.descriptors.hdr
                0x000000000000001c        0xe c:/program files/microchip/xc8/v2.32/avr/bin/../lib/gcc/avr/5.4.0/../../../../avr/lib/avrxmega3\libm.a(divsf3.o)
 .stack.descriptors.hdr
                0x000000000000002a        0xe c:/program files/microchip/xc8/v2.32/avr/bin/../lib/gcc/avr/5.4.0/../../../../avr/lib/avrxmega3\libm.a(divsf3x.o)
 .stack.descriptors.hdr
                0x0000000000000038        0xe c:/program files/microchip/xc8/v2.32/avr/bin/../lib/gcc/avr/5.4.0/../../../../avr/lib/avrxmega3\libm.a(fixsfsi.o)
 .stack.descriptors.hdr
                0x0000000000000046        0xe c:/program files/microchip/xc8/v2.32/avr/bin/../lib/gcc/avr/5.4.0/../../../../avr/lib/avrxmega3\libm.a(fixunssfsi.o)
 .stack.descriptors.hdr
                0x0000000000000054        0xe c:/program files/microchip/xc8/v2.32/avr/bin/../lib/gcc/avr/5.4.0/../../../../avr/lib/avrxmega3\libm.a(floatsisf.o)
 .stack.descriptors.hdr
                0x0000000000000062        0xe c:/program files/microchip/xc8/v2.32/avr/bin/../lib/gcc/avr/5.4.0/../../../../avr/lib/avrxmega3\libm.a(fp_inf.o)
 .stack.descriptors.hdr
                0x0000000000000070        0xe c:/program files/microchip/xc8/v2.32/avr/bin/../lib/gcc/avr/5.4.0/../../../../avr/lib/avrxmega3\libm.a(fp_nan.o)
 .stack.descriptors.hdr
                0x000000000000007e        0xe c:/program files/microchip/xc8/v2.32/avr/bin/../lib/gcc/avr/5.4.0/../../../../avr/lib/avrxmega3\libm.a(fp_pscA.o)
 .stack.descriptors.hdr
                0x000000000000008c        0xe c:/program files/microchip/xc8/v2.32/avr/bin/../lib/gcc/avr/5.4.0/../../../../avr/lib/avrxmega3\libm.a(fp_pscB.o)
 .stack.descriptors.hdr
                0x000000000000009a        0xe c:/program files/microchip/xc8/v2.32/avr/bin/../lib/gcc/avr/5.4.0/../../../../avr/lib/avrxmega3\libm.a(fp_round.o)
 .stack.descriptors.hdr
                0x00000000000000a8        0xe c:/program files/microchip/xc8/v2.32/avr/bin/../lib/gcc/avr/5.4.0/../../../../avr/lib/avrxmega3\libm.a(fp_split3.o)
 .stack.descriptors.hdr
                0x00000000000000b6        0xe c:/program files/microchip/xc8/v2.32/avr/bin/../lib/gcc/avr/5.4.0/../../../../avr/lib/avrxmega3\libm.a(fp_zero.o)
 .stack.descriptors.hdr
                0x00000000000000c4        0xe c:/program files/microchip/xc8/v2.32/avr/bin/../lib/gcc/avr/5.4.0/../../../../avr/lib/avrxmega3\libm.a(mulsf3.o)
 .stack.descriptors.hdr
                0x00000000000000d2        0xe c:/program files/microchip/xc8/v2.32/avr/bin/../lib/gcc/avr/5.4.0/../../../../avr/lib/avrxmega3\libm.a(mulsf3x.o)
 .stack.descriptors.hdr
                0x00000000000000e0        0xe c:/program files/microchip/xc8/v2.32/avr/bin/../lib/gcc/avr/5.4.0/../../../../avr/lib/avrxmega3\libm.a(pow.o)
 .stack.descriptors.hdr
                0x00000000000000ee        0xe c:/program files/microchip/xc8/v2.32/avr/bin/../lib/gcc/avr/5.4.0/../../../../avr/lib/avrxmega3\libm.a(exp.o)
 .stack.descriptors.hdr
                0x00000000000000fc        0xe c:/program files/microchip/xc8/v2.32/avr/bin/../lib/gcc/avr/5.4.0/../../../../avr/lib/avrxmega3\libm.a(fp_powser.o)
 .stack.descriptors.hdr
                0x000000000000010a        0xe c:/program files/microchip/xc8/v2.32/avr/bin/../lib/gcc/avr/5.4.0/../../../../avr/lib/avrxmega3\libm.a(inverse.o)
 .stack.descriptors.hdr
                0x0000000000000118        0xe c:/program files/microchip/xc8/v2.32/avr/bin/../lib/gcc/avr/5.4.0/../../../../avr/lib/avrxmega3\libm.a(ldexp.o)
 .stack.descriptors.hdr
                0x0000000000000126        0xe c:/program files/microchip/xc8/v2.32/avr/bin/../lib/gcc/avr/5.4.0/../../../../avr/lib/avrxmega3\libm.a(log.o)
 .stack.descriptors.hdr
                0x0000000000000134        0xe c:/program files/microchip/xc8/v2.32/avr/bin/../lib/gcc/avr/5.4.0/../../../../avr/lib/avrxmega3\libm.a(modf.o)
 .stack.descriptors.hdr
                0x0000000000000142        0xe c:/program files/microchip/xc8/v2.32/avr/bin/../lib/gcc/avr/5.4.0/../../../../avr/lib/avrxmega3\libm.a(fp_mpack.o)
 .stack.descriptors.hdr
                0x0000000000000150        0xe c:/program files/microchip/xc8/v2.32/avr/bin/../lib/gcc/avr/5.4.0/avrxmega3\libgcc.a(_mulsi3.o)
 .stack.descriptors.hdr
                0x000000000000015e        0xe c:/program files/microchip/xc8/v2.32/avr/bin/../lib/gcc/avr/5.4.0/avrxmega3\libgcc.a(_udivmodsi4.o)
 .stack.descriptors.hdr
                0x000000000000016c        0xe c:/program files/microchip/xc8/v2.32/avr/bin/../lib/gcc/avr/5.4.0/avrxmega3\libgcc.a(_exit.o)
 .stack.descriptors.hdr
                0x000000000000017a        0xe c:/program files/microchip/xc8/v2.32/avr/bin/../lib/gcc/avr/5.4.0/avrxmega3\libgcc.a(_tablejump2.o)
 .stack.descriptors.hdr
                0x0000000000000188        0xe c:/program files/microchip/xc8/v2.32/avr/bin/../lib/gcc/avr/5.4.0/avrxmega3\libgcc.a(_muluhisi3.o)
 .stack.descriptors.hdr
                0x0000000000000196        0xe c:/program files/microchip/xc8/v2.32/avr/bin/../lib/gcc/avr/5.4.0/avrxmega3\libgcc.a(_mulshisi3.o)
 .stack.descriptors.hdr
                0x00000000000001a4        0xe c:/program files/microchip/xc8/v2.32/avr/bin/../lib/gcc/avr/5.4.0/avrxmega3\libgcc.a(_umulhisi3.o)
 .stack.descriptors.hdr
                0x00000000000001b2        0xe c:/program files/microchip/xc8/v2.32/avr/bin/../lib/gcc/avr/5.4.0/../../../../avr/lib/avrxmega3\libc.a(iob.o)
 .stack.descriptors.hdr
                0x00000000000001c0        0xe c:/program files/microchip/xc8/v2.32/avr/bin/../lib/gcc/avr/5.4.0/../../../../avr/lib/avrxmega3\libc.a(printf.o)
 .stack.descriptors.hdr
                0x00000000000001ce        0xe c:/program files/microchip/xc8/v2.32/avr/bin/../lib/gcc/avr/5.4.0/../../../../avr/lib/avrxmega3\libc.a(puts.o)
 .stack.descriptors.hdr
                0x00000000000001dc        0xe c:/program files/microchip/xc8/v2.32/avr/bin/../lib/gcc/avr/5.4.0/../../../../avr/lib/avrxmega3\libc.a(vfprintf_std.o)
 .stack.descriptors.hdr
                0x00000000000001ea        0xe c:/program files/microchip/xc8/v2.32/avr/bin/../lib/gcc/avr/5.4.0/../../../../avr/lib/avrxmega3\libc.a(strnlen_P.o)
 .stack.descriptors.hdr
                0x00000000000001f8        0xe c:/program files/microchip/xc8/v2.32/avr/bin/../lib/gcc/avr/5.4.0/../../../../avr/lib/avrxmega3\libc.a(strnlen.o)
 .stack.descriptors.hdr
                0x0000000000000206        0xe c:/program files/microchip/xc8/v2.32/avr/bin/../lib/gcc/avr/5.4.0/../../../../avr/lib/avrxmega3\libc.a(fputc.o)
 .stack.descriptors.hdr
                0x0000000000000214        0xe c:/program files/microchip/xc8/v2.32/avr/bin/../lib/gcc/avr/5.4.0/../../../../avr/lib/avrxmega3\libc.a(ultoa_invert.o)

.note.gnu.build-id
 *(.note.gnu.build-id)

.debug
 *(.debug)

.line
 *(.line)

.debug_srcinfo
 *(.debug_srcinfo)

.debug_sfnames
 *(.debug_sfnames)

.debug_aranges  0x0000000000000000      0x720
 *(.debug_aranges)
 .debug_aranges
                0x0000000000000000       0xb8 build/default/production/mcc_generated_files/adc/src/adc0.o
 .debug_aranges
                0x00000000000000b8       0x20 build/default/production/mcc_generated_files/system/src/clock.o
 .debug_aranges
                0x00000000000000d8       0x18 build/default/production/mcc_generated_files/system/src/config_bits.o
 .debug_aranges
                0x00000000000000f0       0x20 build/default/production/mcc_generated_files/system/src/interrupt.o
 .debug_aranges
                0x0000000000000110       0x20 build/default/production/mcc_generated_files/system/src/system.o
 .debug_aranges
                0x0000000000000130       0x20 build/default/production/mcc_generated_files/system/src/protected_io.o
 .debug_aranges
                0x0000000000000150       0xb8 build/default/production/mcc_generated_files/system/src/pins.o
 .debug_aranges
                0x0000000000000208       0xc0 build/default/production/mcc_generated_files/uart/src/usart0.o
 .debug_aranges
                0x00000000000002c8       0xb8 build/default/production/mcc_generated_files/uart/src/usart1.o
 .debug_aranges
                0x0000000000000380       0x20 build/default/production/mcc_generated_files/vref/src/vref.o
 .debug_aranges
                0x00000000000003a0       0x40 build/default/production/main.o
 .debug_aranges
                0x00000000000003e0       0xd8 build/default/production/application.o
 .debug_aranges
                0x00000000000004b8       0x40 build/default/production/LR2_tx_buff.o
 .debug_aranges
                0x00000000000004f8       0x30 build/default/production/printUtility.o
 .debug_aranges
                0x0000000000000528       0x70 build/default/production/TWI.o
 .debug_aranges
                0x0000000000000598       0x50 build/default/production/TERM_tx_buff.o
 .debug_aranges
                0x00000000000005e8       0x90 build/default/production/bme280.o
 .debug_aranges
                0x0000000000000678       0xa8 build/default/production/state.o

.debug_pubnames
 *(.debug_pubnames)

.debug_info     0x0000000000000000     0xd67d
 *(.debug_info .gnu.linkonce.wi.*)
 .debug_info    0x0000000000000000     0x1b97 C:/Users/C70348/.mchp_packs/Microchip/ATtiny_DFP/3.0.151/xc8/avr/lib/avrxmega3/crtattiny1627.o
 .debug_info    0x0000000000001b97      0xf94 build/default/production/mcc_generated_files/adc/src/adc0.o
 .debug_info    0x0000000000002b2b      0x662 build/default/production/mcc_generated_files/system/src/clock.o
 .debug_info    0x000000000000318d      0x800 build/default/production/mcc_generated_files/system/src/config_bits.o
 .debug_info    0x000000000000398d      0x3c8 build/default/production/mcc_generated_files/system/src/interrupt.o
 .debug_info    0x0000000000003d55      0x319 build/default/production/mcc_generated_files/system/src/system.o
 .debug_info    0x000000000000406e       0x92 build/default/production/mcc_generated_files/system/src/protected_io.o
 .debug_info    0x0000000000004100      0xb5f build/default/production/mcc_generated_files/system/src/pins.o
 .debug_info    0x0000000000004c5f      0xebe build/default/production/mcc_generated_files/uart/src/usart0.o
 .debug_info    0x0000000000005b1d      0xd05 build/default/production/mcc_generated_files/uart/src/usart1.o
 .debug_info    0x0000000000006822      0x308 build/default/production/mcc_generated_files/vref/src/vref.o
 .debug_info    0x0000000000006b2a     0x1802 build/default/production/main.o
 .debug_info    0x000000000000832c     0x1af9 build/default/production/application.o
 .debug_info    0x0000000000009e25      0x3b6 build/default/production/LR2_tx_buff.o
 .debug_info    0x000000000000a1db      0x554 build/default/production/printUtility.o
 .debug_info    0x000000000000a72f      0xb20 build/default/production/TWI.o
 .debug_info    0x000000000000b24f      0x61c build/default/production/TERM_tx_buff.o
 .debug_info    0x000000000000b86b      0xcce build/default/production/bme280.o
 .debug_info    0x000000000000c539     0x1144 build/default/production/state.o

.debug_abbrev   0x0000000000000000     0x3437
 *(.debug_abbrev)
 .debug_abbrev  0x0000000000000000     0x1a20 C:/Users/C70348/.mchp_packs/Microchip/ATtiny_DFP/3.0.151/xc8/avr/lib/avrxmega3/crtattiny1627.o
 .debug_abbrev  0x0000000000001a20      0x21a build/default/production/mcc_generated_files/adc/src/adc0.o
 .debug_abbrev  0x0000000000001c3a      0x11d build/default/production/mcc_generated_files/system/src/clock.o
 .debug_abbrev  0x0000000000001d57       0x97 build/default/production/mcc_generated_files/system/src/config_bits.o
 .debug_abbrev  0x0000000000001dee       0xfa build/default/production/mcc_generated_files/system/src/interrupt.o
 .debug_abbrev  0x0000000000001ee8       0x58 build/default/production/mcc_generated_files/system/src/system.o
 .debug_abbrev  0x0000000000001f40       0x14 build/default/production/mcc_generated_files/system/src/protected_io.o
 .debug_abbrev  0x0000000000001f54      0x14a build/default/production/mcc_generated_files/system/src/pins.o
 .debug_abbrev  0x000000000000209e      0x2e8 build/default/production/mcc_generated_files/uart/src/usart0.o
 .debug_abbrev  0x0000000000002386      0x26b build/default/production/mcc_generated_files/uart/src/usart1.o
 .debug_abbrev  0x00000000000025f1       0x8c build/default/production/mcc_generated_files/vref/src/vref.o
 .debug_abbrev  0x000000000000267d      0x18f build/default/production/main.o
 .debug_abbrev  0x000000000000280c      0x2bb build/default/production/application.o
 .debug_abbrev  0x0000000000002ac7       0xda build/default/production/LR2_tx_buff.o
 .debug_abbrev  0x0000000000002ba1      0x15b build/default/production/printUtility.o
 .debug_abbrev  0x0000000000002cfc      0x191 build/default/production/TWI.o
 .debug_abbrev  0x0000000000002e8d      0x17c build/default/production/TERM_tx_buff.o
 .debug_abbrev  0x0000000000003009      0x193 build/default/production/bme280.o
 .debug_abbrev  0x000000000000319c      0x29b build/default/production/state.o

.debug_line     0x0000000000000000     0x3388
 *(.debug_line .debug_line.* .debug_line_end)
 .debug_line    0x0000000000000000      0x14b C:/Users/C70348/.mchp_packs/Microchip/ATtiny_DFP/3.0.151/xc8/avr/lib/avrxmega3/crtattiny1627.o
 .debug_line    0x000000000000014b      0x3c8 build/default/production/mcc_generated_files/adc/src/adc0.o
 .debug_line    0x0000000000000513      0x161 build/default/production/mcc_generated_files/system/src/clock.o
 .debug_line    0x0000000000000674       0xe6 build/default/production/mcc_generated_files/system/src/config_bits.o
 .debug_line    0x000000000000075a      0x179 build/default/production/mcc_generated_files/system/src/interrupt.o
 .debug_line    0x00000000000008d3      0x178 build/default/production/mcc_generated_files/system/src/system.o
 .debug_line    0x0000000000000a4b       0x6d build/default/production/mcc_generated_files/system/src/protected_io.o
 .debug_line    0x0000000000000ab8      0x3fb build/default/production/mcc_generated_files/system/src/pins.o
 .debug_line    0x0000000000000eb3      0x494 build/default/production/mcc_generated_files/uart/src/usart0.o
 .debug_line    0x0000000000001347      0x45a build/default/production/mcc_generated_files/uart/src/usart1.o
 .debug_line    0x00000000000017a1       0xff build/default/production/mcc_generated_files/vref/src/vref.o
 .debug_line    0x00000000000018a0      0x21e build/default/production/main.o
 .debug_line    0x0000000000001abe      0x872 build/default/production/application.o
 .debug_line    0x0000000000002330      0x146 build/default/production/LR2_tx_buff.o
 .debug_line    0x0000000000002476      0x198 build/default/production/printUtility.o
 .debug_line    0x000000000000260e      0x3bd build/default/production/TWI.o
 .debug_line    0x00000000000029cb      0x244 build/default/production/TERM_tx_buff.o
 .debug_line    0x0000000000002c0f      0x3b0 build/default/production/bme280.o
 .debug_line    0x0000000000002fbf      0x3c9 build/default/production/state.o

.debug_frame    0x0000000000000000     0x10e4
 *(.debug_frame)
 .debug_frame   0x0000000000000000      0x190 build/default/production/mcc_generated_files/adc/src/adc0.o
 .debug_frame   0x0000000000000190       0x24 build/default/production/mcc_generated_files/system/src/clock.o
 .debug_frame   0x00000000000001b4       0x24 build/default/production/mcc_generated_files/system/src/interrupt.o
 .debug_frame   0x00000000000001d8       0x24 build/default/production/mcc_generated_files/system/src/system.o
 .debug_frame   0x00000000000001fc      0x238 build/default/production/mcc_generated_files/system/src/pins.o
 .debug_frame   0x0000000000000434      0x16c build/default/production/mcc_generated_files/uart/src/usart0.o
 .debug_frame   0x00000000000005a0      0x154 build/default/production/mcc_generated_files/uart/src/usart1.o
 .debug_frame   0x00000000000006f4       0x24 build/default/production/mcc_generated_files/vref/src/vref.o
 .debug_frame   0x0000000000000718       0x64 build/default/production/main.o
 .debug_frame   0x000000000000077c      0x2f0 build/default/production/application.o
 .debug_frame   0x0000000000000a6c       0x74 build/default/production/LR2_tx_buff.o
 .debug_frame   0x0000000000000ae0       0x60 build/default/production/printUtility.o
 .debug_frame   0x0000000000000b40      0x12c build/default/production/TWI.o
 .debug_frame   0x0000000000000c6c       0xac build/default/production/TERM_tx_buff.o
 .debug_frame   0x0000000000000d18      0x238 build/default/production/bme280.o
 .debug_frame   0x0000000000000f50      0x194 build/default/production/state.o

.debug_str      0x0000000000000000     0x10c1
 *(.debug_str)
 .debug_str     0x0000000000000000      0xbdd C:/Users/C70348/.mchp_packs/Microchip/ATtiny_DFP/3.0.151/xc8/avr/lib/avrxmega3/crtattiny1627.o
 .debug_str     0x0000000000000bdd       0x11 build/default/production/mcc_generated_files/adc/src/adc0.o
 .debug_str     0x0000000000000bee       0x13 build/default/production/mcc_generated_files/system/src/clock.o
 .debug_str     0x0000000000000c01        0x0 build/default/production/mcc_generated_files/system/src/config_bits.o
 .debug_str     0x0000000000000c01       0x13 build/default/production/mcc_generated_files/system/src/interrupt.o
 .debug_str     0x0000000000000c14       0x7e build/default/production/mcc_generated_files/system/src/system.o
 .debug_str     0x0000000000000c92       0x25 build/default/production/mcc_generated_files/system/src/pins.o
 .debug_str     0x0000000000000cb7       0x10 build/default/production/mcc_generated_files/uart/src/usart0.o
 .debug_str     0x0000000000000cc7       0x10 build/default/production/mcc_generated_files/uart/src/usart1.o
 .debug_str     0x0000000000000cd7        0x0 build/default/production/mcc_generated_files/vref/src/vref.o
 .debug_str     0x0000000000000cd7       0x6a build/default/production/main.o
 .debug_str     0x0000000000000d41      0x23d build/default/production/application.o
 .debug_str     0x0000000000000f7e        0x0 build/default/production/LR2_tx_buff.o
 .debug_str     0x0000000000000f7e       0x2f build/default/production/printUtility.o
 .debug_str     0x0000000000000fad       0x20 build/default/production/TWI.o
 .debug_str     0x0000000000000fcd       0x21 build/default/production/TERM_tx_buff.o
 .debug_str     0x0000000000000fee       0x2d build/default/production/bme280.o
 .debug_str     0x000000000000101b       0xa6 build/default/production/state.o

.debug_loc      0x0000000000000000     0x185c
 *(.debug_loc)
 .debug_loc     0x0000000000000000      0x12e build/default/production/mcc_generated_files/adc/src/adc0.o
 .debug_loc     0x000000000000012e      0x11f build/default/production/mcc_generated_files/system/src/clock.o
 .debug_loc     0x000000000000024d       0x2a build/default/production/mcc_generated_files/system/src/interrupt.o
 .debug_loc     0x0000000000000277       0x64 build/default/production/mcc_generated_files/uart/src/usart0.o
 .debug_loc     0x00000000000002db      0x7a7 build/default/production/application.o
 .debug_loc     0x0000000000000a82       0x7c build/default/production/LR2_tx_buff.o
 .debug_loc     0x0000000000000afe       0x92 build/default/production/printUtility.o
 .debug_loc     0x0000000000000b90      0x496 build/default/production/TWI.o
 .debug_loc     0x0000000000001026       0xc7 build/default/production/TERM_tx_buff.o
 .debug_loc     0x00000000000010ed      0x76f build/default/production/bme280.o

.debug_macinfo
 *(.debug_macinfo)

.debug_weaknames
 *(.debug_weaknames)

.debug_funcnames
 *(.debug_funcnames)

.debug_typenames
 *(.debug_typenames)

.debug_varnames
 *(.debug_varnames)

.debug_pubtypes
 *(.debug_pubtypes)

.debug_ranges   0x0000000000000000      0x5e8
 *(.debug_ranges)
 .debug_ranges  0x0000000000000000       0xa8 build/default/production/mcc_generated_files/adc/src/adc0.o
 .debug_ranges  0x00000000000000a8       0x10 build/default/production/mcc_generated_files/system/src/clock.o
 .debug_ranges  0x00000000000000b8       0x10 build/default/production/mcc_generated_files/system/src/interrupt.o
 .debug_ranges  0x00000000000000c8       0x10 build/default/production/mcc_generated_files/system/src/system.o
 .debug_ranges  0x00000000000000d8       0xa8 build/default/production/mcc_generated_files/system/src/pins.o
 .debug_ranges  0x0000000000000180       0xb0 build/default/production/mcc_generated_files/uart/src/usart0.o
 .debug_ranges  0x0000000000000230       0xa8 build/default/production/mcc_generated_files/uart/src/usart1.o
 .debug_ranges  0x00000000000002d8       0x10 build/default/production/mcc_generated_files/vref/src/vref.o
 .debug_ranges  0x00000000000002e8       0x30 build/default/production/main.o
 .debug_ranges  0x0000000000000318       0xc8 build/default/production/application.o
 .debug_ranges  0x00000000000003e0       0x30 build/default/production/LR2_tx_buff.o
 .debug_ranges  0x0000000000000410       0x20 build/default/production/printUtility.o
 .debug_ranges  0x0000000000000430       0x60 build/default/production/TWI.o
 .debug_ranges  0x0000000000000490       0x40 build/default/production/TERM_tx_buff.o
 .debug_ranges  0x00000000000004d0       0x80 build/default/production/bme280.o
 .debug_ranges  0x0000000000000550       0x98 build/default/production/state.o

.debug_macro
 *(.debug_macro)
OUTPUT(dist/default/production/attiny1627_Capstone.X.production.elf elf32-avr)
LOAD linker stubs
LOAD data_init

.note.gnu.avr.deviceinfo
                0x0000000000000000       0x40
 .note.gnu.avr.deviceinfo
                0x0000000000000000       0x40 C:/Users/C70348/.mchp_packs/Microchip/ATtiny_DFP/3.0.151/xc8/avr/lib/avrxmega3/crtattiny1627.o

.bss.PC3_InterruptHandler
                0x0000000000803ac0        0x2
 .bss.PC3_InterruptHandler
                0x0000000000803ac0        0x2 build/default/production/mcc_generated_files/system/src/pins.o

.bss.PB6_InterruptHandler
                0x0000000000803ac2        0x2
 .bss.PB6_InterruptHandler
                0x0000000000803ac2        0x2 build/default/production/mcc_generated_files/system/src/pins.o

.bss.PB5_InterruptHandler
                0x0000000000803ac4        0x2
 .bss.PB5_InterruptHandler
                0x0000000000803ac4        0x2 build/default/production/mcc_generated_files/system/src/pins.o

.bss.PB2_InterruptHandler
                0x0000000000803ac6        0x2
 .bss.PB2_InterruptHandler
                0x0000000000803ac6        0x2 build/default/production/mcc_generated_files/system/src/pins.o

.bss.PB3_InterruptHandler
                0x0000000000803ac8        0x2
 .bss.PB3_InterruptHandler
                0x0000000000803ac8        0x2 build/default/production/mcc_generated_files/system/src/pins.o

.bss.PA1_InterruptHandler
                0x0000000000803aca        0x2
 .bss.PA1_InterruptHandler
                0x0000000000803aca        0x2 build/default/production/mcc_generated_files/system/src/pins.o

.bss.PA2_InterruptHandler
                0x0000000000803acc        0x2
 .bss.PA2_InterruptHandler
                0x0000000000803acc        0x2 build/default/production/mcc_generated_files/system/src/pins.o

.bss.PA7_InterruptHandler
                0x0000000000803ace        0x2
 .bss.PA7_InterruptHandler
                0x0000000000803ace        0x2 build/default/production/mcc_generated_files/system/src/pins.o

.bss.usart0RxLastError
                0x0000000000803ad0        0x2
 .bss.usart0RxLastError
                0x0000000000803ad0        0x2 build/default/production/mcc_generated_files/uart/src/usart0.o

.bss.usart1RxLastError
                0x0000000000803ad2        0x2
 .bss.usart1RxLastError
                0x0000000000803ad2        0x2 build/default/production/mcc_generated_files/uart/src/usart1.o

.bss.weather_initialized
                0x0000000000803ad6        0x1
 .bss.weather_initialized
                0x0000000000803ad6        0x1 build/default/production/application.o
                0x0000000000803ad6                weather_initialized

.bss.Tail       0x0000000000803ad7        0x1
 .bss.Tail      0x0000000000803ad7        0x1 build/default/production/LR2_tx_buff.o

.bss.Head       0x0000000000803ad8        0x1
 .bss.Head      0x0000000000803ad8        0x1 build/default/production/LR2_tx_buff.o

.bss.Buffer     0x00000000008038ad      0x100
 .bss.Buffer    0x00000000008038ad      0x100 build/default/production/LR2_tx_buff.o

.bss.Tail       0x0000000000803ad9        0x1
 .bss.Tail      0x0000000000803ad9        0x1 build/default/production/TERM_tx_buff.o

.bss.Head       0x0000000000803ada        0x1
 .bss.Head      0x0000000000803ada        0x1 build/default/production/TERM_tx_buff.o

.bss.Buffer     0x00000000008039ad      0x100
 .bss.Buffer    0x00000000008039ad      0x100 build/default/production/TERM_tx_buff.o

.bss.data       0x0000000000803abb        0x5
 .bss.data      0x0000000000803abb        0x5 build/default/production/state.o

.bss.numTx      0x0000000000803adb        0x1
 .bss.numTx     0x0000000000803adb        0x1 build/default/production/state.o
                0x0000000000803adb                numTx

.bss.secs       0x0000000000803ad4        0x2
 .bss.secs      0x0000000000803ad4        0x2 build/default/production/state.o
                0x0000000000803ad4                secs

.bss.nextStateFlag
                0x0000000000803adc        0x1
 .bss.nextStateFlag
                0x0000000000803adc        0x1 build/default/production/state.o
                0x0000000000803adc                nextStateFlag

.bss.currState  0x0000000000803ade        0x1
 .bss.currState
                0x0000000000803ade        0x1 build/default/production/state.o

.rodata         0x000000000080817a      0x49d load address 0x000000000000017a
 .rodata        0x000000000080817a      0x49d build/default/production/application.o

.data.nextState
                0x0000000000803add        0x1 load address 0x0000000000000617
 .data.nextState
                0x0000000000803add        0x1 build/default/production/state.o

.text.avrlibc   0x0000000000000618      0x3c2
 .text.avrlibc  0x0000000000000618      0x3c2 c:/program files/microchip/xc8/v2.32/avr/bin/../lib/gcc/avr/5.4.0/../../../../avr/lib/avrxmega3\libc.a(vfprintf_std.o)
                0x0000000000000618                vfprintf

.text.BME280_compensatePressure
                0x00000000000009da      0x2b0
 .text.BME280_compensatePressure
                0x00000000000009da      0x2b0 build/default/production/bme280.o
                0x00000000000009da                BME280_compensatePressure

.text.BME280_compensateHumidity
                0x0000000000000c8a      0x1f8
 .text.BME280_compensateHumidity
                0x0000000000000c8a      0x1f8 build/default/production/bme280.o
                0x0000000000000c8a                BME280_compensateHumidity

.text.BME280_readFactoryCalibrationParams
                0x0000000000000e82      0x180
 .text.BME280_readFactoryCalibrationParams
                0x0000000000000e82      0x180 build/default/production/bme280.o
                0x0000000000000e82                BME280_readFactoryCalibrationParams

.text.formatPayload
                0x0000000000001002      0x172
 .text.formatPayload
                0x0000000000001002      0x172 build/default/production/application.o
                0x0000000000001002                formatPayload

.text.BME280_compensateTemperature
                0x0000000000001174      0x128
 .text.BME280_compensateTemperature
                0x0000000000001174      0x128 build/default/production/bme280.o
                0x0000000000001174                BME280_compensateTemperature

.text.BME280_readMeasurements
                0x000000000000129c      0x11e
 .text.BME280_readMeasurements
                0x000000000000129c      0x11e build/default/production/bme280.o
                0x000000000000129c                BME280_readMeasurements

.text.PIN_MANAGER_Initialize
                0x00000000000013ba       0xea
 .text.PIN_MANAGER_Initialize
                0x00000000000013ba       0xea build/default/production/mcc_generated_files/system/src/pins.o
                0x00000000000013ba                PIN_MANAGER_Initialize

.text.avrlibc.fplib
                0x00000000000014a4       0xde
 .text.avrlibc.fplib
                0x00000000000014a4       0xde c:/program files/microchip/xc8/v2.32/avr/bin/../lib/gcc/avr/5.4.0/../../../../avr/lib/avrxmega3\libm.a(divsf3x.o)
                0x00000000000014a4                __divsf3x
                0x00000000000014cc                __divsf3_pse

.text.avrlibc.fplib
                0x0000000000001582       0xd4
 .text.avrlibc.fplib
                0x0000000000001582       0xd4 c:/program files/microchip/xc8/v2.32/avr/bin/../lib/gcc/avr/5.4.0/../../../../avr/lib/avrxmega3\libm.a(mulsf3x.o)
                0x0000000000001582                __mulsf3x
                0x00000000000015a8                __mulsf3_pse

.text.avrlibc.fplib
                0x0000000000001656       0xce
 .text.avrlibc.fplib
                0x0000000000001656       0xce c:/program files/microchip/xc8/v2.32/avr/bin/../lib/gcc/avr/5.4.0/../../../../avr/lib/avrxmega3\libm.a(addsf3x.o)
                0x0000000000001656                __addsf3x

.text.avrlibc   0x0000000000001724       0xbc
 .text.avrlibc  0x0000000000001724       0xbc c:/program files/microchip/xc8/v2.32/avr/bin/../lib/gcc/avr/5.4.0/../../../../avr/lib/avrxmega3\libc.a(ultoa_invert.o)
                0x0000000000001724                __ultoa_invert

.text.printSensorData
                0x00000000000017e0       0xb6
 .text.printSensorData
                0x00000000000017e0       0xb6 build/default/production/application.o
                0x00000000000017e0                printSensorData

.text.avrlibc.fplib
                0x0000000000001896       0xa2
 .text.avrlibc.fplib
                0x0000000000001896       0xa2 c:/program files/microchip/xc8/v2.32/avr/bin/../lib/gcc/avr/5.4.0/../../../../avr/lib/avrxmega3\libm.a(log.o)
                0x0000000000001896                log

.text.avrlibc.fplib
                0x0000000000001938       0xa0
 .text.avrlibc.fplib
                0x0000000000001938       0xa0 c:/program files/microchip/xc8/v2.32/avr/bin/../lib/gcc/avr/5.4.0/../../../../avr/lib/avrxmega3\libm.a(pow.o)
                0x0000000000001938                pow

.text.stateMachine
                0x00000000000019d8       0x9c
 .text.stateMachine
                0x00000000000019d8       0x9c build/default/production/state.o
                0x00000000000019d8                stateMachine

.text.LR2_reset
                0x0000000000001a74       0x9a
 .text.LR2_reset
                0x0000000000001a74       0x9a build/default/production/application.o
                0x0000000000001a74                LR2_reset

.text.BME280_getPressure
                0x0000000000001b0e       0x92
 .text.BME280_getPressure
                0x0000000000001b0e       0x92 build/default/production/bme280.o
                0x0000000000001b0e                BME280_getPressure

.text.TWI_sendAndReadBytes
                0x0000000000001ba0       0x90
 .text.TWI_sendAndReadBytes
                0x0000000000001ba0       0x90 build/default/production/TWI.o
                0x0000000000001ba0                TWI_sendAndReadBytes

.text.LR2_config_abp
                0x0000000000001c30       0x8a
 .text.LR2_config_abp
                0x0000000000001c30       0x8a build/default/production/application.o
                0x0000000000001c30                LR2_config_abp

.text.__vector_7
                0x0000000000001cba       0x80
 .text.__vector_7
                0x0000000000001cba       0x80 build/default/production/mcc_generated_files/system/src/pins.o
                0x0000000000001cba                __vector_7

.text.avrlibc   0x0000000000001d3a       0x80
 .text.avrlibc  0x0000000000001d3a       0x80 c:/program files/microchip/xc8/v2.32/avr/bin/../lib/gcc/avr/5.4.0/../../../../avr/lib/avrxmega3\libc.a(puts.o)
                0x0000000000001d3a                puts

.text.avrlibc.fplib
                0x0000000000001dba       0x7a
 .text.avrlibc.fplib
                0x0000000000001dba       0x7a c:/program files/microchip/xc8/v2.32/avr/bin/../lib/gcc/avr/5.4.0/../../../../avr/lib/avrxmega3\libm.a(floatsisf.o)
                0x0000000000001dba                __floatunsisf
                0x0000000000001dbe                __floatsisf

.text.avrlibc   0x0000000000001e34       0x78
 .text.avrlibc  0x0000000000001e34       0x78 c:/program files/microchip/xc8/v2.32/avr/bin/../lib/gcc/avr/5.4.0/../../../../avr/lib/avrxmega3\libc.a(fputc.o)
                0x0000000000001e34                fputc

.text.stateTRANSMIT
                0x0000000000001eac       0x76
 .text.stateTRANSMIT
                0x0000000000001eac       0x76 build/default/production/state.o
                0x0000000000001eac                stateTRANSMIT

.text.avrlibc.fplib
                0x0000000000001f22       0x76
 .text.avrlibc.fplib
                0x0000000000001f22       0x76 c:/program files/microchip/xc8/v2.32/avr/bin/../lib/gcc/avr/5.4.0/../../../../avr/lib/avrxmega3\libm.a(exp.o)
                0x0000000000001f22                exp

.text.avrlibc.fplib
                0x0000000000001f98       0x76
 .text.avrlibc.fplib
                0x0000000000001f98       0x76 c:/program files/microchip/xc8/v2.32/avr/bin/../lib/gcc/avr/5.4.0/../../../../avr/lib/avrxmega3\libm.a(ldexp.o)
                0x0000000000001f98                ldexp

.text.__vector_6
                0x000000000000200e       0x72
 .text.__vector_6
                0x000000000000200e       0x72 build/default/production/mcc_generated_files/system/src/pins.o
                0x000000000000200e                __vector_6

.text.LR2_sendAppSKey
                0x0000000000002080       0x68
 .text.LR2_sendAppSKey
                0x0000000000002080       0x68 build/default/production/application.o
                0x0000000000002080                LR2_sendAppSKey

.text.LR2_tx_buff_Push_Str
                0x00000000000020e8       0x68
 .text.LR2_tx_buff_Push_Str
                0x00000000000020e8       0x68 build/default/production/LR2_tx_buff.o
                0x00000000000020e8                LR2_tx_buff_Push_Str

.text.USB_sendStringRaw
                0x0000000000002150       0x68
 .text.USB_sendStringRaw
                0x0000000000002150       0x68 build/default/production/printUtility.o
                0x0000000000002150                USB_sendStringRaw

.rodata         0x000000000080a1b8       0x68 load address 0x00000000000021b8
 .rodata        0x000000000080a1b8       0x68 build/default/production/state.o

.text.avrlibc.fplib
                0x0000000000002220       0x68
 .text.avrlibc.fplib
                0x0000000000002220       0x68 c:/program files/microchip/xc8/v2.32/avr/bin/../lib/gcc/avr/5.4.0/../../../../avr/lib/avrxmega3\libm.a(modf.o)
                0x0000000000002220                modf
                0x0000000000002220                modff

.text.BME280_initializeSensor
                0x0000000000002288       0x62
 .text.BME280_initializeSensor
                0x0000000000002288       0x62 build/default/production/bme280.o
                0x0000000000002288                BME280_initializeSensor

.text.LR2_sendStringCmd
                0x00000000000022ea       0x5e
 .text.LR2_sendStringCmd
                0x00000000000022ea       0x5e build/default/production/application.o
                0x00000000000022ea                LR2_sendStringCmd

.text.avrlibc.fplib
                0x0000000000002348       0x5e
 .text.avrlibc.fplib
                0x0000000000002348       0x5e c:/program files/microchip/xc8/v2.32/avr/bin/../lib/gcc/avr/5.4.0/../../../../avr/lib/avrxmega3\libm.a(fixunssfsi.o)
                0x0000000000002348                __fixunssfsi

.text.USART0_Initialize
                0x00000000000023a6       0x58
 .text.USART0_Initialize
                0x00000000000023a6       0x58 build/default/production/mcc_generated_files/uart/src/usart0.o
                0x00000000000023a6                USART0_Initialize

.text.LR2_sendNwkSKey
                0x00000000000023fe       0x58
 .text.LR2_sendNwkSKey
                0x00000000000023fe       0x58 build/default/production/application.o
                0x00000000000023fe                LR2_sendNwkSKey

.text.CLOCK_Initialize
                0x0000000000002456       0x56
 .text.CLOCK_Initialize
                0x0000000000002456       0x56 build/default/production/mcc_generated_files/system/src/clock.o
                0x0000000000002456                CLOCK_Initialize

.text.__vector_24
                0x00000000000024ac       0x56
 .text.__vector_24
                0x00000000000024ac       0x56 build/default/production/mcc_generated_files/system/src/pins.o
                0x00000000000024ac                __vector_24

.text._readFromTWI
                0x0000000000002502       0x56
 .text._readFromTWI
                0x0000000000002502       0x56 build/default/production/TWI.o
                0x0000000000002502                _readFromTWI

.text.sendAndReceiveBuffers
                0x0000000000002558       0x52
 .text.sendAndReceiveBuffers
                0x0000000000002558       0x52 build/default/production/application.o
                0x0000000000002558                sendAndReceiveBuffers

.text._writeToTWI
                0x00000000000025aa       0x4e
 .text._writeToTWI
                0x00000000000025aa       0x4e build/default/production/TWI.o
                0x00000000000025aa                _writeToTWI

.text.avrlibc.fplib
                0x00000000000025f8       0x4e
 .text.avrlibc.fplib
                0x00000000000025f8       0x4e c:/program files/microchip/xc8/v2.32/avr/bin/../lib/gcc/avr/5.4.0/../../../../avr/lib/avrxmega3\libm.a(fp_powser.o)
                0x00000000000025f8                __fp_powser

.text.USART1_Initialize
                0x0000000000002646       0x4c
 .text.USART1_Initialize
                0x0000000000002646       0x4c build/default/production/mcc_generated_files/uart/src/usart1.o
                0x0000000000002646                USART1_Initialize

.text._startTWI
                0x0000000000002692       0x4a
 .text._startTWI
                0x0000000000002692       0x4a build/default/production/TWI.o
                0x0000000000002692                _startTWI

.text.LR2_recvRsp
                0x00000000000026dc       0x48
 .text.LR2_recvRsp
                0x00000000000026dc       0x48 build/default/production/application.o
                0x00000000000026dc                LR2_recvRsp

.text.avrlibc.fplib
                0x0000000000002724       0x44
 .text.avrlibc.fplib
                0x0000000000002724       0x44 c:/program files/microchip/xc8/v2.32/avr/bin/../lib/gcc/avr/5.4.0/../../../../avr/lib/avrxmega3\libm.a(fp_split3.o)
                0x0000000000002724                __fp_split3
                0x0000000000002734                __fp_splitA

.text.libgcc.div
                0x0000000000002768       0x44
 .text.libgcc.div
                0x0000000000002768       0x44 c:/program files/microchip/xc8/v2.32/avr/bin/../lib/gcc/avr/5.4.0/avrxmega3\libgcc.a(_udivmodsi4.o)
                0x0000000000002768                __udivmodsi4

.text.__vector_4
                0x00000000000027ac       0x40
 .text.__vector_4
                0x00000000000027ac       0x40 build/default/production/state.o
                0x00000000000027ac                __vector_4

.text.map       0x00000000000027ec       0x3c
 .text.map      0x00000000000027ec       0x3c build/default/production/application.o
                0x00000000000027ec                map

.text.getSensorData
                0x0000000000002828       0x3c
 .text.getSensorData
                0x0000000000002828       0x3c build/default/production/application.o
                0x0000000000002828                getSensorData

.text.LR2_tx    0x0000000000002864       0x38
 .text.LR2_tx   0x0000000000002864       0x38 build/default/production/application.o
                0x0000000000002864                LR2_tx

.text.LR2_tx_uncnf
                0x000000000000289c       0x38
 .text.LR2_tx_uncnf
                0x000000000000289c       0x38 build/default/production/application.o
                0x000000000000289c                LR2_tx_uncnf

.text.WeatherClick_initialize
                0x00000000000028d4       0x36
 .text.WeatherClick_initialize
                0x00000000000028d4       0x36 build/default/production/application.o
                0x00000000000028d4                WeatherClick_initialize

.text.ADC0_Initialize
                0x000000000000290a       0x34
 .text.ADC0_Initialize
                0x000000000000290a       0x34 build/default/production/mcc_generated_files/adc/src/adc0.o
                0x000000000000290a                ADC0_Initialize

.text.BME280_startForcedSensing
                0x000000000000293e       0x34
 .text.BME280_startForcedSensing
                0x000000000000293e       0x34 build/default/production/bme280.o
                0x000000000000293e                BME280_startForcedSensing

.text.libgcc.prologue
                0x0000000000002972       0x32
 .text.libgcc.prologue
                0x0000000000002972       0x32 c:/program files/microchip/xc8/v2.32/avr/bin/../lib/gcc/avr/5.4.0/avrxmega3\libgcc.a(_prologue.o)
                0x0000000000002972                __prologue_saves__

.text.__vector_21
                0x00000000000029a4       0x30
 .text.__vector_21
                0x00000000000029a4       0x30 build/default/production/mcc_generated_files/adc/src/adc0.o
                0x00000000000029a4                __vector_21

.text.libgcc.prologue
                0x00000000000029d4       0x30
 .text.libgcc.prologue
                0x00000000000029d4       0x30 c:/program files/microchip/xc8/v2.32/avr/bin/../lib/gcc/avr/5.4.0/avrxmega3\libgcc.a(_epilogue.o)
                0x00000000000029d4                __epilogue_restores__

.text.__vector_13
                0x0000000000002a04       0x2c
 .text.__vector_13
                0x0000000000002a04       0x2c build/default/production/state.o
                0x0000000000002a04                __vector_13

.text.avrlibc   0x0000000000002a30       0x2c
 .text.avrlibc  0x0000000000002a30       0x2c c:/program files/microchip/xc8/v2.32/avr/bin/../lib/gcc/avr/5.4.0/../../../../avr/lib/avrxmega3\libc.a(printf.o)
                0x0000000000002a30                printf

.text.LR2_tx_buff_Push
                0x0000000000002a5c       0x2a
 .text.LR2_tx_buff_Push
                0x0000000000002a5c       0x2a build/default/production/LR2_tx_buff.o
                0x0000000000002a5c                LR2_tx_buff_Push

.text.TWI_sendBytes
                0x0000000000002a86       0x2a
 .text.TWI_sendBytes
                0x0000000000002a86       0x2a build/default/production/TWI.o
                0x0000000000002a86                TWI_sendBytes

.text.TERM_tx_buff_Push
                0x0000000000002ab0       0x2a
 .text.TERM_tx_buff_Push
                0x0000000000002ab0       0x2a build/default/production/TERM_tx_buff.o
                0x0000000000002ab0                TERM_tx_buff_Push

.text.BME280_reset
                0x0000000000002ada       0x2a
 .text.BME280_reset
                0x0000000000002ada       0x2a build/default/production/bme280.o
                0x0000000000002ada                BME280_reset

.text.main      0x0000000000002b04       0x28
 .text.main     0x0000000000002b04       0x28 build/default/production/main.o
                0x0000000000002b04                main

.text.stateRECEIVE
                0x0000000000002b2c       0x24
 .text.stateRECEIVE
                0x0000000000002b2c       0x24 build/default/production/state.o
                0x0000000000002b2c                stateRECEIVE

.text.PORT_init
                0x0000000000002b50       0x22
 .text.PORT_init
                0x0000000000002b50       0x22 build/default/production/main.o
                0x0000000000002b50                PORT_init

.text.TCB0_init
                0x0000000000002b72       0x22
 .text.TCB0_init
                0x0000000000002b72       0x22 build/default/production/main.o
                0x0000000000002b72                TCB0_init

.text.avrlibc.fplib
                0x0000000000002b94       0x22
 .text.avrlibc.fplib
                0x0000000000002b94       0x22 c:/program files/microchip/xc8/v2.32/avr/bin/../lib/gcc/avr/5.4.0/../../../../avr/lib/avrxmega3\libm.a(fp_round.o)
                0x0000000000002b94                __fp_round

.text.libgcc.mul
                0x0000000000002bb6       0x20
 .text.libgcc.mul
                0x0000000000002bb6       0x20 c:/program files/microchip/xc8/v2.32/avr/bin/../lib/gcc/avr/5.4.0/avrxmega3\libgcc.a(_mulsi3.o)
                0x0000000000002bb6                __mulsi3

.text.ADC0_StartConversion
                0x0000000000002bd6       0x1e
 .text.ADC0_StartConversion
                0x0000000000002bd6       0x1e build/default/production/mcc_generated_files/adc/src/adc0.o
                0x0000000000002bd6                ADC0_StartConversion

.text.ADC0_GetConversion
                0x0000000000002bf4       0x1e
 .text.ADC0_GetConversion
                0x0000000000002bf4       0x1e build/default/production/mcc_generated_files/adc/src/adc0.o
                0x0000000000002bf4                ADC0_GetConversion

.text.__vector_23
                0x0000000000002c12       0x1e
 .text.__vector_23
                0x0000000000002c12       0x1e build/default/production/mcc_generated_files/adc/src/adc0.o
                0x0000000000002c12                __vector_23

.text.__vector_22
                0x0000000000002c30       0x1e
 .text.__vector_22
                0x0000000000002c30       0x1e build/default/production/mcc_generated_files/adc/src/adc0.o
                0x0000000000002c30                __vector_22

.text.SYSTEM_Initialize
                0x0000000000002c4e       0x1e
 .text.SYSTEM_Initialize
                0x0000000000002c4e       0x1e build/default/production/mcc_generated_files/system/src/system.o
                0x0000000000002c4e                SYSTEM_Initialize

.text.LR2_join_abp
                0x0000000000002c6c       0x1e
 .text.LR2_join_abp
                0x0000000000002c6c       0x1e build/default/production/application.o
                0x0000000000002c6c                LR2_join_abp

.text.BME280_config
                0x0000000000002c8a       0x1e
 .text.BME280_config
                0x0000000000002c8a       0x1e build/default/production/bme280.o
                0x0000000000002c8a                BME280_config

.text.libgcc.mul
                0x0000000000002ca8       0x1e
 .text.libgcc.mul
                0x0000000000002ca8       0x1e c:/program files/microchip/xc8/v2.32/avr/bin/../lib/gcc/avr/5.4.0/avrxmega3\libgcc.a(_umulhisi3.o)
                0x0000000000002ca8                __umulhisi3

.text.isTWIBad  0x0000000000002cc6       0x1c
 .text.isTWIBad
                0x0000000000002cc6       0x1c build/default/production/TWI.o
                0x0000000000002cc6                isTWIBad

.text.TWI_initHost
                0x0000000000002ce2       0x1c
 .text.TWI_initHost
                0x0000000000002ce2       0x1c build/default/production/TWI.o
                0x0000000000002ce2                TWI_initHost

.text.TERM_sendByte
                0x0000000000002cfe       0x1c
 .text.TERM_sendByte
                0x0000000000002cfe       0x1c build/default/production/TERM_tx_buff.o
                0x0000000000002cfe                TERM_sendByte

.text.stateGET_DATA
                0x0000000000002d1a       0x1c
 .text.stateGET_DATA
                0x0000000000002d1a       0x1c build/default/production/state.o
                0x0000000000002d1a                stateGET_DATA

.text.avrlibc.fplib
                0x0000000000002d36       0x1c
 .text.avrlibc.fplib
                0x0000000000002d36       0x1c c:/program files/microchip/xc8/v2.32/avr/bin/../lib/gcc/avr/5.4.0/../../../../avr/lib/avrxmega3\libm.a(fp_mpack.o)
                0x0000000000002d36                __fp_mpack
                0x0000000000002d3a                __fp_mpack_finite

.text.CPUINT_Initialize
                0x0000000000002d52       0x18
 .text.CPUINT_Initialize
                0x0000000000002d52       0x18 build/default/production/mcc_generated_files/system/src/interrupt.o
                0x0000000000002d52                CPUINT_Initialize

.text.USART0_printCHAR
                0x0000000000002d6a       0x18
 .text.USART0_printCHAR
                0x0000000000002d6a       0x18 build/default/production/mcc_generated_files/uart/src/usart0.o
                0x0000000000002d6a                USART0_printCHAR

.text.Init_PIT  0x0000000000002d82       0x18
 .text.Init_PIT
                0x0000000000002d82       0x18 build/default/production/main.o
                0x0000000000002d82                Init_PIT

.text.BME280_ctrl_meas
                0x0000000000002d9a       0x18
 .text.BME280_ctrl_meas
                0x0000000000002d9a       0x18 build/default/production/bme280.o
                0x0000000000002d9a                BME280_ctrl_meas

.text.LR2_tx_buff_Pop
                0x0000000000002db2       0x16
 .text.LR2_tx_buff_Pop
                0x0000000000002db2       0x16 build/default/production/LR2_tx_buff.o
                0x0000000000002db2                LR2_tx_buff_Pop

.text.TERM_tx_buff_Pop
                0x0000000000002dc8       0x16
 .text.TERM_tx_buff_Pop
                0x0000000000002dc8       0x16 build/default/production/TERM_tx_buff.o
                0x0000000000002dc8                TERM_tx_buff_Pop

.text.BME280_getTemperature
                0x0000000000002dde       0x16
 .text.BME280_getTemperature
                0x0000000000002dde       0x16 build/default/production/bme280.o
                0x0000000000002dde                BME280_getTemperature

.text.BME280_getHumidity
                0x0000000000002df4       0x16
 .text.BME280_getHumidity
                0x0000000000002df4       0x16 build/default/production/bme280.o
                0x0000000000002df4                BME280_getHumidity

.text.libgcc.mul
                0x0000000000002e0a       0x16
 .text.libgcc.mul
                0x0000000000002e0a       0x16 c:/program files/microchip/xc8/v2.32/avr/bin/../lib/gcc/avr/5.4.0/avrxmega3\libgcc.a(_muluhisi3.o)
                0x0000000000002e0a                __muluhisi3

.text.avrlibc   0x0000000000002e20       0x16
 .text.avrlibc  0x0000000000002e20       0x16 c:/program files/microchip/xc8/v2.32/avr/bin/../lib/gcc/avr/5.4.0/../../../../avr/lib/avrxmega3\libc.a(strnlen_P.o)
                0x0000000000002e20                strnlen_P

.text.avrlibc   0x0000000000002e36       0x16
 .text.avrlibc  0x0000000000002e36       0x16 c:/program files/microchip/xc8/v2.32/avr/bin/../lib/gcc/avr/5.4.0/../../../../avr/lib/avrxmega3\libc.a(strnlen.o)
                0x0000000000002e36                strnlen

.text.stateJOIN
                0x0000000000002e4c       0x14
 .text.stateJOIN
                0x0000000000002e4c       0x14 build/default/production/state.o
                0x0000000000002e4c                stateJOIN

.text.configureTWIPins
                0x0000000000002e60       0x10
 .text.configureTWIPins
                0x0000000000002e60       0x10 build/default/production/TWI.o
                0x0000000000002e60                configureTWIPins

.text.avrlibc.fplib
                0x0000000000002e70       0x10
 .text.avrlibc.fplib
                0x0000000000002e70       0x10 c:/program files/microchip/xc8/v2.32/avr/bin/../lib/gcc/avr/5.4.0/../../../../avr/lib/avrxmega3\libm.a(inverse.o)
                0x0000000000002e70                inverse

.text.libgcc.mul
                0x0000000000002e80       0x10
 .text.libgcc.mul
                0x0000000000002e80       0x10 c:/program files/microchip/xc8/v2.32/avr/bin/../lib/gcc/avr/5.4.0/avrxmega3\libgcc.a(_mulshisi3.o)
                0x0000000000002e80                __mulshisi3
                0x0000000000002e86                __mulohisi3

.text.EVSYS_init
                0x0000000000002e90        0xe
 .text.EVSYS_init
                0x0000000000002e90        0xe build/default/production/main.o
                0x0000000000002e90                EVSYS_init

.text.getMoistureMeasurement
                0x0000000000002e9e        0xe
 .text.getMoistureMeasurement
                0x0000000000002e9e        0xe build/default/production/application.o
                0x0000000000002e9e                getMoistureMeasurement

.text.avrlibc.fplib
                0x0000000000002eac        0xe
 .text.avrlibc.fplib
                0x0000000000002eac        0xe c:/program files/microchip/xc8/v2.32/avr/bin/../lib/gcc/avr/5.4.0/../../../../avr/lib/avrxmega3\libm.a(addsf3.o)
                0x0000000000002eac                __subsf3
                0x0000000000002eae                __addsf3

.text.avrlibc.fplib
                0x0000000000002eba        0xe
 .text.avrlibc.fplib
                0x0000000000002eba        0xe c:/program files/microchip/xc8/v2.32/avr/bin/../lib/gcc/avr/5.4.0/../../../../avr/lib/avrxmega3\libm.a(fixsfsi.o)
                0x0000000000002eba                __fixsfsi

.text.avrlibc.fplib
                0x0000000000002ec8        0xe
 .text.avrlibc.fplib
                0x0000000000002ec8        0xe c:/program files/microchip/xc8/v2.32/avr/bin/../lib/gcc/avr/5.4.0/../../../../avr/lib/avrxmega3\libm.a(fp_pscA.o)
                0x0000000000002ec8                __fp_pscA

.text.avrlibc.fplib
                0x0000000000002ed6        0xe
 .text.avrlibc.fplib
                0x0000000000002ed6        0xe c:/program files/microchip/xc8/v2.32/avr/bin/../lib/gcc/avr/5.4.0/../../../../avr/lib/avrxmega3\libm.a(fp_pscB.o)
                0x0000000000002ed6                __fp_pscB

.text.avrlibc.fplib
                0x0000000000002ee4        0xe
 .text.avrlibc.fplib
                0x0000000000002ee4        0xe c:/program files/microchip/xc8/v2.32/avr/bin/../lib/gcc/avr/5.4.0/../../../../avr/lib/avrxmega3\libm.a(fp_zero.o)
                0x0000000000002ee4                __fp_zero
                0x0000000000002ee6                __fp_szero

.text.USART0_TransmitEnable
                0x0000000000002ef2        0xc
 .text.USART0_TransmitEnable
                0x0000000000002ef2        0xc build/default/production/mcc_generated_files/uart/src/usart0.o
                0x0000000000002ef2                USART0_TransmitEnable

.text.USART0_IsRxReady
                0x0000000000002efe        0xc
 .text.USART0_IsRxReady
                0x0000000000002efe        0xc build/default/production/mcc_generated_files/uart/src/usart0.o
                0x0000000000002efe                USART0_IsRxReady

.text.USART0_IsTxReady
                0x0000000000002f0a        0xc
 .text.USART0_IsTxReady
                0x0000000000002f0a        0xc build/default/production/mcc_generated_files/uart/src/usart0.o
                0x0000000000002f0a                USART0_IsTxReady

.text.USART0_IsTxDone
                0x0000000000002f16        0xc
 .text.USART0_IsTxDone
                0x0000000000002f16        0xc build/default/production/mcc_generated_files/uart/src/usart0.o
                0x0000000000002f16                USART0_IsTxDone

.text.USART0_ReceiveEnable
                0x0000000000002f22        0xc
 .text.USART0_ReceiveEnable
                0x0000000000002f22        0xc build/default/production/mcc_generated_files/uart/src/usart0.o
                0x0000000000002f22                USART0_ReceiveEnable

.text.USART1_IsRxReady
                0x0000000000002f2e        0xc
 .text.USART1_IsRxReady
                0x0000000000002f2e        0xc build/default/production/mcc_generated_files/uart/src/usart1.o
                0x0000000000002f2e                USART1_IsRxReady

.text.USART1_IsTxReady
                0x0000000000002f3a        0xc
 .text.USART1_IsTxReady
                0x0000000000002f3a        0xc build/default/production/mcc_generated_files/uart/src/usart1.o
                0x0000000000002f3a                USART1_IsTxReady

.text.VREF_Initialize
                0x0000000000002f46        0xc
 .text.VREF_Initialize
                0x0000000000002f46        0xc build/default/production/mcc_generated_files/vref/src/vref.o
                0x0000000000002f46                VREF_Initialize

.text.LR2_tx_buff_Count
                0x0000000000002f52        0xc
 .text.LR2_tx_buff_Count
                0x0000000000002f52        0xc build/default/production/LR2_tx_buff.o
                0x0000000000002f52                LR2_tx_buff_Count

.text.TERM_tx_buff_Count
                0x0000000000002f5e        0xc
 .text.TERM_tx_buff_Count
                0x0000000000002f5e        0xc build/default/production/TERM_tx_buff.o
                0x0000000000002f5e                TERM_tx_buff_Count

.text.stateINIT
                0x0000000000002f6a        0xc
 .text.stateINIT
                0x0000000000002f6a        0xc build/default/production/state.o
                0x0000000000002f6a                stateINIT

.text.avrlibc.fplib
                0x0000000000002f76        0xc
 .text.avrlibc.fplib
                0x0000000000002f76        0xc c:/program files/microchip/xc8/v2.32/avr/bin/../lib/gcc/avr/5.4.0/../../../../avr/lib/avrxmega3\libm.a(fp_inf.o)
                0x0000000000002f76                __fp_inf

.text.libgcc    0x0000000000002f82        0xc
 .text.libgcc   0x0000000000002f82        0xc c:/program files/microchip/xc8/v2.32/avr/bin/../lib/gcc/avr/5.4.0/avrxmega3\libgcc.a(_tablejump2.o)
                0x0000000000002f82                __tablejump2__

.text.PrintUtility_enable
                0x0000000000002f8e        0xa
 .text.PrintUtility_enable
                0x0000000000002f8e        0xa build/default/production/application.o
                0x0000000000002f8e                PrintUtility_enable

.text.WeatherClick_readSensors
                0x0000000000002f98        0xa
 .text.WeatherClick_readSensors
                0x0000000000002f98        0xa build/default/production/application.o
                0x0000000000002f98                WeatherClick_readSensors

.text.ADC0_IsConversionDone
                0x0000000000002fa2        0x8
 .text.ADC0_IsConversionDone
                0x0000000000002fa2        0x8 build/default/production/mcc_generated_files/adc/src/adc0.o
                0x0000000000002fa2                ADC0_IsConversionDone

.text.protected_write_io
                0x0000000000002faa        0x8
 .text.protected_write_io
                0x0000000000002faa        0x8 build/default/production/mcc_generated_files/system/src/protected_io.o
                0x0000000000002faa                protected_write_io

.text.avrlibc.fplib
                0x0000000000002fb2        0x8
 .text.avrlibc.fplib
                0x0000000000002fb2        0x8 c:/program files/microchip/xc8/v2.32/avr/bin/../lib/gcc/avr/5.4.0/../../../../avr/lib/avrxmega3\libm.a(divsf3.o)
                0x0000000000002fb2                __divsf3

.text.avrlibc.fplib
                0x0000000000002fba        0x8
 .text.avrlibc.fplib
                0x0000000000002fba        0x8 c:/program files/microchip/xc8/v2.32/avr/bin/../lib/gcc/avr/5.4.0/../../../../avr/lib/avrxmega3\libm.a(mulsf3.o)
                0x0000000000002fba                __mulsf3

.text.USART0_Read
                0x0000000000002fc2        0x6
 .text.USART0_Read
                0x0000000000002fc2        0x6 build/default/production/mcc_generated_files/uart/src/usart0.o
                0x0000000000002fc2                USART0_Read

.text.USART0_Write
                0x0000000000002fc8        0x6
 .text.USART0_Write
                0x0000000000002fc8        0x6 build/default/production/mcc_generated_files/uart/src/usart0.o
                0x0000000000002fc8                USART0_Write

.text.USART1_Read
                0x0000000000002fce        0x6
 .text.USART1_Read
                0x0000000000002fce        0x6 build/default/production/mcc_generated_files/uart/src/usart1.o
                0x0000000000002fce                USART1_Read

.text.USART1_Write
                0x0000000000002fd4        0x6
 .text.USART1_Write
                0x0000000000002fd4        0x6 build/default/production/mcc_generated_files/uart/src/usart1.o
                0x0000000000002fd4                USART1_Write

.text.LR2_config
                0x0000000000002fda        0x6
 .text.LR2_config
                0x0000000000002fda        0x6 build/default/production/application.o
                0x0000000000002fda                LR2_config

.text.LR2_join  0x0000000000002fe0        0x6
 .text.LR2_join
                0x0000000000002fe0        0x6 build/default/production/application.o
                0x0000000000002fe0                LR2_join

.text.BME280_ctrl_hum
                0x0000000000002fe6        0x6
 .text.BME280_ctrl_hum
                0x0000000000002fe6        0x6 build/default/production/bme280.o
                0x0000000000002fe6                BME280_ctrl_hum

.text.avrlibc.fplib
                0x0000000000002fec        0x6
 .text.avrlibc.fplib
                0x0000000000002fec        0x6 c:/program files/microchip/xc8/v2.32/avr/bin/../lib/gcc/avr/5.4.0/../../../../avr/lib/avrxmega3\libm.a(fp_nan.o)
                0x0000000000002fec                __fp_nan

.text           0x0000000000002ff2        0x4
 .text          0x0000000000002ff2        0x4 C:/Users/C70348/.mchp_packs/Microchip/ATtiny_DFP/3.0.151/xc8/avr/lib/avrxmega3/crtattiny1627.o
                0x0000000000002ff2                __vector_28
                0x0000000000002ff2                __vector_1
                0x0000000000002ff2                __vector_12
                0x0000000000002ff2                __bad_interrupt
                0x0000000000002ff2                __vector_3
                0x0000000000002ff2                __vector_25
                0x0000000000002ff2                __vector_11
                0x0000000000002ff2                __vector_17
                0x0000000000002ff2                __vector_19
                0x0000000000002ff2                __vector_27
                0x0000000000002ff2                __vector_5
                0x0000000000002ff2                __vector_9
                0x0000000000002ff2                __vector_2
                0x0000000000002ff2                __vector_15
                0x0000000000002ff2                __vector_29
                0x0000000000002ff2                __vector_8
                0x0000000000002ff2                __vector_26
                0x0000000000002ff2                __vector_14
                0x0000000000002ff2                __vector_10
                0x0000000000002ff2                __vector_16
                0x0000000000002ff2                __vector_18
                0x0000000000002ff2                __vector_20

.text.PA7_DefaultInterruptHandler
                0x0000000000002ff6        0x2
 .text.PA7_DefaultInterruptHandler
                0x0000000000002ff6        0x2 build/default/production/mcc_generated_files/system/src/pins.o
                0x0000000000002ff6                PA7_DefaultInterruptHandler

.text.PA2_DefaultInterruptHandler
                0x0000000000002ff8        0x2
 .text.PA2_DefaultInterruptHandler
                0x0000000000002ff8        0x2 build/default/production/mcc_generated_files/system/src/pins.o
                0x0000000000002ff8                PA2_DefaultInterruptHandler

.text.PA1_DefaultInterruptHandler
                0x0000000000002ffa        0x2
 .text.PA1_DefaultInterruptHandler
                0x0000000000002ffa        0x2 build/default/production/mcc_generated_files/system/src/pins.o
                0x0000000000002ffa                PA1_DefaultInterruptHandler

.text.PB3_DefaultInterruptHandler
                0x0000000000002ffc        0x2
 .text.PB3_DefaultInterruptHandler
                0x0000000000002ffc        0x2 build/default/production/mcc_generated_files/system/src/pins.o
                0x0000000000002ffc                PB3_DefaultInterruptHandler

.text.PB2_DefaultInterruptHandler
                0x0000000000002ffe        0x2
 .text.PB2_DefaultInterruptHandler
                0x0000000000002ffe        0x2 build/default/production/mcc_generated_files/system/src/pins.o
                0x0000000000002ffe                PB2_DefaultInterruptHandler

.text.PB5_DefaultInterruptHandler
                0x0000000000003000        0x2
 .text.PB5_DefaultInterruptHandler
                0x0000000000003000        0x2 build/default/production/mcc_generated_files/system/src/pins.o
                0x0000000000003000                PB5_DefaultInterruptHandler

.text.PB6_DefaultInterruptHandler
                0x0000000000003002        0x2
 .text.PB6_DefaultInterruptHandler
                0x0000000000003002        0x2 build/default/production/mcc_generated_files/system/src/pins.o
                0x0000000000003002                PB6_DefaultInterruptHandler

.text.PC3_DefaultInterruptHandler
                0x0000000000003004        0x2
 .text.PC3_DefaultInterruptHandler
                0x0000000000003004        0x2 build/default/production/mcc_generated_files/system/src/pins.o
                0x0000000000003004                PC3_DefaultInterruptHandler

.text.USART0_DefaultFramingErrorCallback
                0x0000000000003006        0x2
 .text.USART0_DefaultFramingErrorCallback
                0x0000000000003006        0x2 build/default/production/mcc_generated_files/uart/src/usart0.o

.text.USART0_DefaultOverrunErrorCallback
                0x0000000000003008        0x2
 .text.USART0_DefaultOverrunErrorCallback
                0x0000000000003008        0x2 build/default/production/mcc_generated_files/uart/src/usart0.o

.text.USART0_DefaultParityErrorCallback
                0x000000000000300a        0x2
 .text.USART0_DefaultParityErrorCallback
                0x000000000000300a        0x2 build/default/production/mcc_generated_files/uart/src/usart0.o

.text.USART1_DefaultFramingErrorCallback
                0x000000000000300c        0x2
 .text.USART1_DefaultFramingErrorCallback
                0x000000000000300c        0x2 build/default/production/mcc_generated_files/uart/src/usart1.o

.text.USART1_DefaultOverrunErrorCallback
                0x000000000000300e        0x2
 .text.USART1_DefaultOverrunErrorCallback
                0x000000000000300e        0x2 build/default/production/mcc_generated_files/uart/src/usart1.o

.text.USART1_DefaultParityErrorCallback
                0x0000000000003010        0x2
 .text.USART1_DefaultParityErrorCallback
                0x0000000000003010        0x2 build/default/production/mcc_generated_files/uart/src/usart1.o

.data.USART0_stream
                0x0000000000803aad        0xe load address 0x0000000000003012
 .data.USART0_stream
                0x0000000000803aad        0xe build/default/production/mcc_generated_files/uart/src/usart0.o
                0x0000000000803aad                USART0_stream
